<html>
<body>
<pre>
<h1>µVision Build Log</h1>
<h2>Tool Versions:</h2>
IDE-Version: µVision V5.36.0.0
Copyright (C) 2021 ARM Ltd and ARM Germany GmbH. All rights reserved.
License Information: Jean Cunha, UTFPR, LIC=----
 
Tool Versions:
Toolchain:       MDK-Lite  Version: 5.36.0.0
Toolchain Path:  C:\Keil_v5\ARM\ARMCC\Bin
C Compiler:      Armcc.exe V5.06 update 7 (build 960)
Assembler:       Armasm.exe V5.06 update 7 (build 960)
Linker/Locator:  ArmLink.exe V5.06 update 7 (build 960)
Library Manager: ArmAr.exe V5.06 update 7 (build 960)
Hex Converter:   FromElf.exe V5.06 update 7 (build 960)
CPU DLL:         SARMCM3.DLL V5.36.0.0
Dialog DLL:      DCM.DLL V1.17.3.0
Target DLL:      lmidk-agdi.dll V???
Dialog DLL:      TCM.DLL V1.53.0.0
 
<h2>Project:</h2>
C:\Users\Nixinho\Documents\codes\Microcontrolados\Lab2\exemplo.uvprojx
Project File Date:  10/26/2025

<h2>Output:</h2>
*** Using Compiler 'V5.06 update 7 (build 960)', folder: 'C:\Keil_v5\ARM\ARMCC\Bin'
Rebuild target 'Target 1'
assembling startup.s...
compiling main.c...
main.h(38): warning:  #1295-D: Deprecated declaration resetLCD - give arg types
  void resetLCD();
main.h(48): warning:  #1-D: last line of file ends without a newline
  #endif // MAIN_H__
main.c(184): warning:  #1-D: last line of file ends without a newline
  }
main.c: 3 warnings, 0 errors
assembling utils.s...
compiling gpio.c...
main.h(38): warning:  #1295-D: Deprecated declaration resetLCD - give arg types
  void resetLCD();
main.h(48): warning:  #1-D: last line of file ends without a newline
  #endif // MAIN_H__
gpio.c(377): warning:  #1-D: last line of file ends without a newline
  }
gpio.c: 3 warnings, 0 errors
linking...
Program Size: Code=3210 RO-data=54 RW-data=16 ZI-data=1120  
".\Objects\exemplo.axf" - 0 Error(s), 6 Warning(s).

<h2>Software Packages used:</h2>

Package Vendor: Keil
                http://www.keil.com/pack/Keil.TM4C_DFP.1.1.0.pack
                Keil.TM4C_DFP.1.1.0
                Texas Instruments Tiva C Series Device Support and Examples

<h2>Collection of Component include folders:</h2>
  C:\Users\Nixinho\AppData\Local\Arm\Packs\Keil\TM4C_DFP\1.1.0\Device\Include\TM4C129

<h2>Collection of Component Files used:</h2>
Build Time Elapsed:  00:00:01
</pre>
</body>
</html>
